{
  "p_approval": 0.03,
  "top_card": "chase_sapphire_preferred",
  "utility": 0.0378,
  "top_feature_drivers": [
    {
      "feature": "amount_contribution",
      "contribution": -3.5,
      "description": "Amount Contribution contribution"
    },
    {
      "feature": "mcc_contribution",
      "contribution": -1.2,
      "description": "Mcc Contribution contribution"
    },
    {
      "feature": "loyalty_contribution",
      "contribution": 1.0,
      "description": "Loyalty Contribution contribution"
    },
    {
      "feature": "merchant_risk_contribution",
      "contribution": 0.2,
      "description": "Merchant Risk Contribution contribution"
    }
  ],
  "raw_score": -3.4,
  "calibration_method": "logistic",
  "risk_signals": {
    "location_mismatch": false,
    "cross_border": false,
    "high_velocity": false,
    "chargeback_history": false
  }
}