{
  "p_approval": 0.45,
  "top_card": "amex_gold",
  "utility": 0.0379,
  "top_feature_drivers": [
    {
      "feature": "mcc_contribution",
      "contribution": -0.8,
      "description": "Mcc Contribution contribution"
    },
    {
      "feature": "loyalty_contribution",
      "contribution": 0.3,
      "description": "Loyalty Contribution contribution"
    },
    {
      "feature": "merchant_risk_contribution",
      "contribution": 0.2,
      "description": "Merchant Risk Contribution contribution"
    },
    {
      "feature": "velocity_24h_contribution",
      "contribution": 0.1,
      "description": "Velocity 24H Contribution contribution"
    }
  ],
  "raw_score": -0.2,
  "calibration_method": "logistic",
  "risk_signals": {
    "location_mismatch": false,
    "cross_border": false,
    "high_velocity": false,
    "chargeback_history": false
  }
}