{
  "customer": {
    "id": "customer_001",
    "loyalty_tier": "SILVER",
    "historical_velocity_24h": 2,
    "velocity_7d": 8,
    "chargebacks_12m": 0,
    "issuer_affinity": "chase"
  },
  "merchant": {
    "name": "Fresh Market",
    "mcc": "5411",
    "network_preferences": ["visa", "mastercard"],
    "location": {
      "city": "Austin",
      "country": "US"
    },
    "risk_tier": "low"
  },
  "cart": {
    "items": [
      {
        "name": "Organic Bananas",
        "price": "3.99",
        "quantity": 1
      },
      {
        "name": "Whole Milk",
        "price": "4.50",
        "quantity": 1
      }
    ],
    "total_amount": "8.49"
  },
  "device": {
    "ip": "192.168.1.100",
    "location": {
      "city": "Austin",
      "country": "US"
    }
  },
  "geo": {
    "city": "Austin",
    "country": "US"
  },
  "cross_border": false,
  "velocity_24h": 2,
  "velocity_7d": 8
}
