{
  "customer": {
    "id": "customer_004",
    "loyalty_tier": "SILVER",
    "historical_velocity_24h": 15,
    "velocity_7d": 45,
    "chargebacks_12m": 1,
    "issuer_affinity": "mastercard"
  },
  "merchant": {
    "name": "Online Electronics Store",
    "mcc": "5732",
    "network_preferences": ["visa", "mastercard"],
    "location": {
      "city": "San Francisco",
      "country": "US"
    },
    "risk_tier": "medium"
  },
  "cart": {
    "items": [
      {
        "name": "Gaming Laptop",
        "price": "1500.00",
        "quantity": 1
      }
    ],
    "total_amount": "1500.00"
  },
  "device": {
    "ip": "192.168.1.104",
    "location": {
      "city": "Los Angeles",
      "country": "US"
    }
  },
  "geo": {
    "city": "San Francisco",
    "country": "US"
  },
  "cross_border": false,
  "velocity_24h": 15,
  "velocity_7d": 45
}
