{
  "customer": {
    "id": "customer_006",
    "loyalty_tier": "SILVER",
    "historical_velocity_24h": 2,
    "velocity_7d": 8,
    "chargebacks_12m": 0,
    "issuer_affinity": "visa"
  },
  "merchant": {
    "name": "Local Gas Station",
    "mcc": "5541",
    "network_preferences": ["visa_debit", "mastercard_debit"],
    "location": {
      "city": "Dallas",
      "country": "US"
    },
    "risk_tier": "low"
  },
  "cart": {
    "items": [
      {
        "name": "Premium Gasoline",
        "price": "45.00",
        "quantity": 1
      },
      {
        "name": "Car Wash",
        "price": "12.00",
        "quantity": 1
      }
    ],
    "total_amount": "57.00"
  },
  "device": {
    "ip": "192.168.1.106",
    "location": {
      "city": "Dallas",
      "country": "US"
    }
  },
  "geo": {
    "city": "Dallas",
    "country": "US"
  },
  "cross_border": false,
  "velocity_24h": 2,
  "velocity_7d": 8
}
