{
  "customer": {
    "id": "customer_007",
    "loyalty_tier": "GOLD",
    "historical_velocity_24h": 1,
    "velocity_7d": 4,
    "chargebacks_12m": 0,
    "issuer_affinity": "american_express"
  },
  "merchant": {
    "name": "Online Casino",
    "mcc": "7995",
    "network_preferences": ["visa", "mastercard"],
    "location": {
      "city": "Las Vegas",
      "country": "US"
    },
    "risk_tier": "high"
  },
  "cart": {
    "items": [
      {
        "name": "Gaming Credits",
        "price": "500.00",
        "quantity": 1
      }
    ],
    "total_amount": "500.00"
  },
  "device": {
    "ip": "192.168.1.107",
    "location": {
      "city": "Las Vegas",
      "country": "US"
    }
  },
  "geo": {
    "city": "Las Vegas",
    "country": "US"
  },
  "cross_border": false,
  "velocity_24h": 1,
  "velocity_7d": 4
}
