{
  "customer": {
    "id": "customer_009",
    "loyalty_tier": "PLATINUM",
    "historical_velocity_24h": 2,
    "velocity_7d": 6,
    "chargebacks_12m": 0,
    "issuer_affinity": "chase",
    "historical_issuer_usage": {
      "chase": 0.85,
      "american_express": 0.10,
      "citi": 0.05
    }
  },
  "merchant": {
    "name": "Department Store",
    "mcc": "5311",
    "network_preferences": ["visa", "mastercard", "american_express"],
    "location": {
      "city": "Seattle",
      "country": "US"
    },
    "risk_tier": "low"
  },
  "cart": {
    "items": [
      {
        "name": "Designer Clothing",
        "price": "450.00",
        "quantity": 1
      },
      {
        "name": "Accessories",
        "price": "120.00",
        "quantity": 1
      }
    ],
    "total_amount": "570.00"
  },
  "device": {
    "ip": "192.168.1.109",
    "location": {
      "city": "Seattle",
      "country": "US"
    }
  },
  "geo": {
    "city": "Seattle",
    "country": "US"
  },
  "cross_border": false,
  "velocity_24h": 2,
  "velocity_7d": 6
}
