{
  "customer": {
    "id": "customer_010",
    "loyalty_tier": "GOLD",
    "historical_velocity_24h": 1,
    "velocity_7d": 4,
    "chargebacks_12m": 0,
    "issuer_affinity": "american_express"
  },
  "merchant": {
    "name": "Superstore Mega",
    "mcc": "5311",
    "network_preferences": ["visa", "mastercard", "american_express"],
    "location": {
      "city": "Phoenix",
      "country": "US"
    },
    "risk_tier": "low"
  },
  "cart": {
    "items": [
      {
        "name": "Electronics Bundle",
        "price": "2500.00",
        "quantity": 1
      },
      {
        "name": "Home Appliances",
        "price": "1800.00",
        "quantity": 1
      },
      {
        "name": "Clothing Items",
        "price": "450.00",
        "quantity": 1
      },
      {
        "name": "Grocery Items",
        "price": "120.00",
        "quantity": 1
      },
      {
        "name": "Gift Cards",
        "price": "300.00",
        "quantity": 1
      }
    ],
    "total_amount": "5170.00"
  },
  "device": {
    "ip": "192.168.1.110",
    "location": {
      "city": "Phoenix",
      "country": "US"
    }
  },
  "geo": {
    "city": "Phoenix",
    "country": "US"
  },
  "cross_border": false,
  "velocity_24h": 1,
  "velocity_7d": 4
}
