{
  "cart": {
    "items": [
      {
        "item": "Electronics Bundle",
        "unit_price": "299.99",
        "qty": 1,
        "mcc": "5732",
        "merchant_category": "Electronics Stores"
      }
    ],
    "currency": "USD"
  },
  "merchant": {
    "name": "Best Buy",
    "mcc": "5732",
    "network_preferences": ["visa", "mc", "amex"],
    "location": {
      "city": "Seattle",
      "country": "US"
    }
  },
  "customer": {
    "id": "orca_customer_67890",
    "loyalty_tier": "PLATINUM",
    "historical_velocity_24h": 1,
    "chargebacks_12m": 0
  },
  "device": {
    "ip": "192.168.1.200",
    "device_id": "orca_device_xyz789",
    "ip_distance_km": 0.5,
    "location": {
      "city": "Seattle",
      "country": "US"
    }
  },
  "geo": {
    "city": "Seattle",
    "region": "WA",
    "country": "US",
    "lat": 47.6062,
    "lon": -122.3321
  }
}
