{
  "score": 0.5499999999999999,
  "recommendations_count": 2,
  "recommendations": [
    {
      "card_id": "amazon_rewards_visa",
      "cashback_rate": 0.05,
      "confidence": 0.85,
      "reason": "Specialized rewards for Amazon purchases"
    },
    {
      "card_id": "amex_gold",
      "cashback_rate": 0.04,
      "confidence": 0.7,
      "reason": "High rewards for dining category"
    }
  ],
  "processing_time_ms": 0.0,
  "has_premium_cards": false
}